../Core/Src/main.c:86:6:HAL_UART_DMA_Callback	4	static
../Core/Src/main.c:89:6:HAL_GPIO_EXTI_Callback	16	static
../Core/Src/main.c:105:6:HAL_UART_RxCpltCallback	16	static
../Core/Src/main.c:113:6:set_motor_direction	16	static
../Core/Src/main.c:126:6:set_motor_speed	16	static
../Core/Src/main.c:130:6:set_stepper_direction	16	static
../Core/Src/main.c:137:6:set_stepper_step	24	static
../Core/Src/main.c:149:6:set_stepper_step_pwm	16	static
../Core/Src/main.c:154:6:calibrate_stepper	8	static
../Core/Src/main.c:173:6:set_servo_degree	16	static
../Core/Src/main.c:185:6:calibrate_servo	8	static
../Core/Src/main.c:190:6:release_ball	16	static
../Core/Src/main.c:207:6:forward_kinematics	24	static
../Core/Src/main.c:217:6:on_receive	16	static
../Core/Src/main.c:233:6:initialise	8	static
../Core/Src/main.c:266:5:main	8	static
../Core/Src/main.c:342:6:SystemClock_Config	72	static
../Core/Src/main.c:382:13:MX_TIM1_Init	96	static
../Core/Src/main.c:465:13:MX_TIM2_Init	48	static
../Core/Src/main.c:514:13:MX_USART2_UART_Init	8	static
../Core/Src/main.c:547:13:MX_GPIO_Init	40	static
../Core/Src/main.c:602:6:Error_Handler	4	static,ignoring_inline_asm
