13:29:36 **** Incremental Build of configuration Debug for project ball_feeder_servo_motor ****
make -j8 all 
arm-none-eabi-gcc "../Core/Src/main.c" -mcpu=cortex-m3 -std=gnu11 -g3 -DDEBUG -DUSE_HAL_DRIVER -DSTM32F103xB -c -I../Core/Inc -I../Drivers/STM32F1xx_HAL_Driver/Inc -I../Drivers/STM32F1xx_HAL_Driver/Inc/Legacy -I../Drivers/CMSIS/Device/ST/STM32F1xx/Include -I../Drivers/CMSIS/Include -O0 -ffunction-sections -fdata-sections -Wall -fstack-usage -MMD -MP -MF"Core/Src/main.d" -MT"Core/Src/main.o" --specs=nano.specs -mfloat-abi=soft -mthumb -o "Core/Src/main.o"
arm-none-eabi-gcc -o "ball_feeder_servo_motor.elf" @"objects.list"   -mcpu=cortex-m3 -T"E:\SITE\Code\WorkSpace\STM32CubeIDE\ball_feeder_servo_motor\STM32F103C8TX_FLASH.ld" --specs=nosys.specs -Wl,-Map="ball_feeder_servo_motor.map" -Wl,--gc-sections -static --specs=nano.specs -mfloat-abi=soft -mthumb -Wl,--start-group -lc -lm -Wl,--end-group
Finished building target: ball_feeder_servo_motor.elf
 
arm-none-eabi-size   ball_feeder_servo_motor.elf 
arm-none-eabi-objdump -h -S  ball_feeder_servo_motor.elf  > "ball_feeder_servo_motor.list"
   text	   data	    bss	    dec	    hex	filename
   8156	     20	   1644	   9820	   265c	ball_feeder_servo_motor.elf
Finished building: default.size.stdout
 
Finished building: ball_feeder_servo_motor.list
 

13:29:38 Build Finished. 0 errors, 0 warnings. (took 1s.537ms)

