15:55:50 **** Incremental Build of configuration Debug for project darknus_electrical ****
make -j8 all 
arm-none-eabi-gcc "../Core/Src/main.c" -mcpu=cortex-m3 -std=gnu11 -g3 -DDEBUG -DUSE_HAL_DRIVER -DSTM32F103xB -c -I../Core/Inc -I../Drivers/STM32F1xx_HAL_Driver/Inc -I../Drivers/STM32F1xx_HAL_Driver/Inc/Legacy -I../Drivers/CMSIS/Device/ST/STM32F1xx/Include -I../Drivers/CMSIS/Include -O0 -ffunction-sections -fdata-sections -Wall -fstack-usage -MMD -MP -MF"Core/Src/main.d" -MT"Core/Src/main.o" --specs=nano.specs -mfloat-abi=soft -mthumb -o "Core/Src/main.o"
arm-none-eabi-gcc -o "darknus_electrical.elf" @"objects.list"   -mcpu=cortex-m3 -T"E:\SITE\Code\WorkSpace\STM32CubeIDE\darknus_electrical\STM32F103C8TX_FLASH.ld" --specs=nosys.specs -Wl,-Map="darknus_electrical.map" -Wl,--gc-sections -static --specs=nano.specs -mfloat-abi=soft -mthumb -Wl,--start-group -lc -lm -Wl,--end-group
Finished building target: darknus_electrical.elf
 
arm-none-eabi-size   darknus_electrical.elf 
arm-none-eabi-objdump -h -S  darknus_electrical.elf  > "darknus_electrical.list"
   text	   data	    bss	    dec	    hex	filename
   8092	     20	   1644	   9756	   261c	darknus_electrical.elf
Finished building: default.size.stdout
 
Finished building: darknus_electrical.list
 

15:55:51 Build Finished. 0 errors, 0 warnings. (took 995ms)

