21:35:17 **** Incremental Build of configuration Debug for project darknus_electrical_week_4_assignment_2 ****
make -j8 all 
arm-none-eabi-gcc "../Core/Src/main.c" -mcpu=cortex-m3 -std=gnu11 -g3 -DDEBUG -DUSE_HAL_DRIVER -DSTM32F103xB -c -I../Core/Inc -I../Drivers/STM32F1xx_HAL_Driver/Inc -I../Drivers/STM32F1xx_HAL_Driver/Inc/Legacy -I../Drivers/CMSIS/Device/ST/STM32F1xx/Include -I../Drivers/CMSIS/Include -O0 -ffunction-sections -fdata-sections -Wall -fstack-usage -MMD -MP -MF"Core/Src/main.d" -MT"Core/Src/main.o" --specs=nano.specs -mfloat-abi=soft -mthumb -o "Core/Src/main.o"
arm-none-eabi-gcc -o "darknus_electrical_week_4_assignment_2.elf" @"objects.list"   -mcpu=cortex-m3 -T"E:\SITE\Code\WorkSpace\STM32CubeIDE\darknus_electrical_week_4_assignment_2\STM32F103C8TX_FLASH.ld" --specs=nosys.specs -Wl,-Map="darknus_electrical_week_4_assignment_2.map" -Wl,--gc-sections -static --specs=nano.specs -mfloat-abi=soft -mthumb -Wl,--start-group -lc -lm -Wl,--end-group
Finished building target: darknus_electrical_week_4_assignment_2.elf
 
arm-none-eabi-size   darknus_electrical_week_4_assignment_2.elf 
arm-none-eabi-objdump -h -S  darknus_electrical_week_4_assignment_2.elf  > "darknus_electrical_week_4_assignment_2.list"
   text	   data	    bss	    dec	    hex	filename
   8972	     28	   1660	  10660	   29a4	darknus_electrical_week_4_assignment_2.elf
Finished building: default.size.stdout
 
Finished building: darknus_electrical_week_4_assignment_2.list
 

21:35:18 Build Finished. 0 errors, 0 warnings. (took 1s.268ms)

